// Jest Snapshot v1, https://goo.gl/fbAQLP

exports[`>>>C O N T A C T   --- Snapshot +++capturing Snapshot of website contact 1`] = `
<div
  className="main-container"
>
  <section
    className="cover text-center bg--secondary"
  >
    <div
      className="container"
    >
      <div
        className="row"
      >
        <div
          className="col-md-12"
        >
          <div>
             
            <span
              className="h2"
            >
              <p>
                Contact us 
              </p>
            </span>
             
          </div>
          <div>
             
            <span
              className="h3 typed-text typed-text--cursor color--primary"
            >
               We sit round the clock just for you!
            </span>
             
          </div>
        </div>
      </div>
    </div>
  </section>
  <section
    className="text-center "
  >
    <div
      className="container"
    >
      <div
        className="row"
      >
        <div
          className="col-md-4"
        >
          <div
            className="feature feature-8"
          >
            <img
              alt="Image"
              src="contactavatar1.png"
            />
            <h5>
              Kate
            </h5>
          </div>
        </div>
        <div
          className="col-md-4"
        >
          <div
            className="feature feature-8"
          >
            <img
              alt="Image"
              src="contactavatar2.png"
            />
            <h5>
              Ram
            </h5>
          </div>
        </div>
        <div
          className="col-md-4"
        >
          <div
            className="feature feature-8"
          >
            <img
              alt="Image"
              src="contactavatar5.png"
            />
            <h5>
              Sarah
            </h5>
          </div>
        </div>
        <div
          className="col-md-4"
        >
          <div
            className="feature feature-8"
          >
            <img
              alt="Image"
              src="contactavatar7.png"
            />
            <h5>
              Kirti
            </h5>
          </div>
        </div>
        <div
          className="col-md-4"
        >
          <div
            className="feature feature-8"
          >
            <img
              alt="Image"
              src="contactavatar11.png"
            />
            <h5>
              Alice
            </h5>
          </div>
        </div>
        <div
          className="col-md-4"
        >
          <div
            className="feature feature-8"
          >
            <img
              alt="Image"
              src="contactavatar15.png"
            />
            <h5>
              John
            </h5>
          </div>
        </div>
      </div>
    </div>
  </section>
  <section
    className="switchable bg--secondary"
  >
    <div
      className="container"
    >
      <div
        className="row justify-content-between"
      >
        <div
          className="col-md-5"
        >
          <p
            className="lead"
          >
            E: 
            <a
              href="#"
            >
              info@useinfluence.co
            </a>
            <br />
          </p>
          <p
            className="lead"
          >
            Drop a mail anytime, we endeavour to answer all enquiries within 24 hours.
          </p>
          <p
            className="lead"
          />
        </div>
        <div
          className="col-md-6 col-12"
        >
          <form
            className="form-email row"
            data-recaptcha-theme="light"
            novalidate="true"
          >
            <div
              className="col-md-6 col-12"
            >
              <label>
                Your Name:
              </label>
              <input
                className="validate-required"
                name="Name"
                type="text"
              />
            </div>
            <div
              className="col-md-6 col-12"
            >
              <label>
                Email Address:
              </label>
              <input
                className="validate-required validate-email"
                name="email"
                type="email"
              />
            </div>
            <div
              className="col-md-12 col-12"
            >
              <label>
                Message:
              </label>
              <textarea
                className="validate-required"
                name="Message"
                rows="4"
              />
            </div>
            <div
              className="col-md-12 col-12"
            >
              <div
                className="recaptcha"
              >
                <div
                  className="g-recaptcha"
                  data-badge="bottomright"
                  data-sitekey="sdfsdfsdfdsfsd"
                  data-size="normal"
                  data-tabindex="0"
                  data-theme="light"
                  data-type="image"
                  id="g-recaptcha"
                />
              </div>
            </div>
            <button
              className="btn btn--primary type--uppercase"
              type="submit"
            >
              Send Enquiry
            </button>
          </form>
        </div>
      </div>
    </div>
  </section>
</div>
`;
