// Jest Snapshot v1, https://goo.gl/fbAQLP

exports[`>>>P R I C I N G --- Snapshot +++capturing Snapshot of pricing 1`] = `
<div
  className="main-container"
>
  <section
    className="text-center bg--secondary"
  >
    <div
      className="container"
    >
      <div
        className="row"
      >
        <div
          className="col-md-11 col-lg-10"
        >
          <h2>
            Simple, honest & affordable pricing 
          </h2>
          <p
            className="lead h4"
          >
            Enjoy any plan free for 7 days. Cancel anytime, No questions asked
          </p>
        </div>
      </div>
    </div>
  </section>
  <section
    className="text-center"
  >
    <div
      className="container"
    >
      <div
        className="row justify-content-center"
      >
        <div
          className="col-md-1 mr-0 text-left "
          id="leftmg"
        >
          <div>
            <strong
              className="h5 type--bold"
              onClick={[Function]}
            >
              Monthly
            </strong>
          </div>
        </div>
        <div
          className="col-md-1 col-sm-1 my-auto text-center pl-2"
        >
          <input
            checked={true}
            className="tgl tgl-ios"
            id="cb2"
            type="checkbox"
          />
          <label
            className="tgl-btn"
            for="cb2"
            onChange={[Function]}
          />
        </div>
        <div
          className="text-left my-auto"
        >
          <strong
            className="h5 type--bold"
            onClick={[Function]}
          >
            Yearly
          </strong>
        </div>
      </div>
    </div>
  </section>
  <section
    className="text-center unpad--top"
  >
    <div
      className="container"
    >
      <div
        className="row"
      />
    </div>
  </section>
  <hr
    className="my-auto col-md-6"
  />
  <section
    className="text-center pt-5 mt-4 mb-5"
  >
    <div
      className="container "
    >
      <div
        className="row"
      >
        <div
          className="col-md-10 col-lg-7"
        >
          <div
            className="cta"
          >
            <span
              className="h2 my-auto pb-5"
            >
              Looking for a Bigger Plan?  
            </span>
            <a
              className="btn btn--primary "
              onClick={[Function]}
              style={Object {}}
            >
              <span
                className="btn__text"
              >
                Contact Us
              </span>
              <br />
            </a>
          </div>
        </div>
      </div>
    </div>
  </section>
  <section
    className="bg--secondary"
  >
    <div
      className="container"
    >
      <div
        className="row"
      >
        <div
          className="col-lg-6"
        >
          <div
            className="text-block"
          >
            <h2
              className="pt-3"
            >
              Frequently asked questions
            </h2>
            <h4>
                Need more help? Check out our Help Center 
            </h4>
          </div>
        </div>
        <div
          className="col-lg-6"
        >
          <div
            className="text-block"
          >
            <h4
              className="mb-2 type--bold"
            >
              What do you mean by visitors?
            </h4>
            <p
              className="type--fine-print text-justify  h3"
            >
              The billing counts unique visitors as the metric for billing. A unique visitor is the one who visits the website page where the pixel code is installed. A visitor can visit the page multiple times on all the pixelated pages but that will be counted as one unique visit only.
            </p>
          </div>
          <hr />
          <div
            className="text-block"
          >
            <h4
              className="mb-2 type--bold"
            >
              But will it work for me?
            </h4>
            <p
              className="type--fine-print text-justify h3"
            >
              Influence works for all the websites and platforms that are out there. We are rolling out more and more integrations every month so that you can sync them up with your favorite services and marketing tools. You can even see the integrations we have listed on our integrations section.
            </p>
          </div>
          <hr />
          <div
            className="text-block "
          >
            <h4
              className="mb-2 type--bold"
            >
              Will Influence work for all the customers on my website?
            </h4>
            <p
              className="type--fine-print text-justify h3"
            >
              Influence not only works for customer details capturing, but it also works for lead captures, webinar pages and other places where you can capture the customer’s details.  
            </p>
          </div>
          <hr />
          <div
            className="text-block "
          >
            <h4
              className="mb-2 type--bold"
            >
              Are these notifications legit?
            </h4>
            <p
              className="type--fine-print text-justify h3"
            >
              When we thought of building this product, we thought of helping brands and customers bring transparency to each other in the nicest possible manner. If we get to work together and you use our product, all the notifications that you will see on your website will be 100% legit and the data would be the one which your customers would use.
            </p>
          </div>
          <hr />
          <div
            className="text-block "
          >
            <h4
              className="mb-2 type--bold"
            >
              Can I cancel it anytime?
            </h4>
            <p
              className="type--fine-print tesxt-justify h3"
            >
              Yes. You can cancel the subscription whenever you want. If you are in monthly contract you will only be billed on a monthly basis.
            </p>
          </div>
          <hr />
          <div
            className="text-block"
          >
            <h4
              className="mb-2 type--bold"
            >
              What will happen if I get more unique visitors on plan? Will it charge me automatically?
            </h4>
            <p
              className="type--fine-print text-justify h3"
            >
              Once you start inching closer to your traffic limit, we’ll send you notifications before you even actually hit that limit. Once you go above your plan limit we’ll automatically upgrade you for the next plan after your consent for payment.
            </p>
          </div>
        </div>
      </div>
    </div>
  </section>
</div>
`;
