// Jest Snapshot v1, https://goo.gl/fbAQLP

exports[`>>>F O O T E R   --- Snapshot +++capturing Snapshot of footer 1`] = `
<div
  className="websitefooter-container"
>
  <div
    className="main-container"
  >
    <footer
      className="footer-6 pb-5"
    >
      <div
        className="container mt-1 footer__upper"
      >
        <div
          className="row"
        >
          <div
            className="menu-vertical col-md-3 col-sm-6 foot2"
          >
            <ul
              className="bar__module"
            >
              <li
                className="type--uppercase col-sm-12 col-md-12 h5 foo-t2"
              >
                <a
                  onClick={[Function]}
                  style={Object {}}
                >
                   
                  <b>
                    Product
                  </b>
                   
                </a>
              </li>
              <li
                className="type--uppercase col-sm-12 col-md-12 h6"
              >
                <a
                  onClick={[Function]}
                  style={Object {}}
                >
                   How It Works 
                </a>
              </li>
              <li
                className="type--uppercase col-sm-12 col-md-12 h6"
              >
                <a
                  onClick={[Function]}
                  style={Object {}}
                >
                   Pricing 
                </a>
              </li>
              <li
                className="type--uppercase col-sm-12 col-md-12 h6"
              >
                <a
                  onClick={[Function]}
                  style={Object {}}
                >
                   Signup 
                </a>
              </li>
              <li
                className="type--uppercase col-sm-12 col-md-12 h6"
              >
                <a
                  onClick={[Function]}
                  style={Object {}}
                >
                   Login (Already a user?) 
                </a>
              </li>
              <li
                className="type--uppercase col-sm-12 col-md-12 h6"
              >
                <a
                  onClick={[Function]}
                  style={Object {}}
                >
                   SCHEDULE A DEMO 
                </a>
              </li>
              <li
                className="type--uppercase col-sm-12 col-md-12 h6"
              >
                <a
                  onClick={[Function]}
                  style={Object {}}
                >
                  Features
                </a>
              </li>
              <li
                className="type--uppercase col-sm-12 col-md-12 h6"
              >
                 
                <a
                  onClick={[Function]}
                  style={Object {}}
                >
                  INTEGRATIONS
                </a>
                 
              </li>
            </ul>
          </div>
          <div
            className="menu-vertical col-md-3 col-sm-6 foot1"
          >
            <ul
              className="bar__module"
            >
              <li
                className="type--uppercase col-sm-12 col-md-12 h5 foo-t1"
              >
                <a
                  className="footer-menu-link"
                  onClick={[Function]}
                  style={Object {}}
                >
                   
                  <b>
                    Company
                  </b>
                </a>
              </li>
              <li
                className="type--uppercase col-sm-12 col-md-12 h6"
              >
                <a
                  className="footer-menu-link"
                  onClick={[Function]}
                  style={Object {}}
                >
                   About Us 
                </a>
                 
              </li>
              <li
                className="type--uppercase col-sm-12 col-md-12 h6"
              >
                <a
                  className="footer-menu-link"
                  onClick={[Function]}
                  style={Object {}}
                >
                   Terms & Conditions 
                </a>
              </li>
              <li
                className="type--uppercase col-sm-12 col-md-12 h6"
              >
                <a
                  className="footer-menu-link"
                  onClick={[Function]}
                  style={Object {}}
                >
                   Privacy Policy 
                </a>
              </li>
            </ul>
          </div>
          <div
            className="menu-vertical col-md-3 col-sm-6 foot3"
          >
            <ul>
              <li
                className="type--uppercase col-sm-12 col-md-12 h5 foo-t3"
              >
                <a
                  onClick={[Function]}
                  style={Object {}}
                >
                   
                  <b>
                    Resources
                  </b>
                   
                </a>
              </li>
              <li
                className="type--uppercase col-sm-12 col-md-12 h6"
              >
                <a
                  href="https://useinfluence.freshdesk.com/support/home"
                  onClick={[Function]}
                  style={Object {}}
                >
                   FAQs 
                </a>
              </li>
              <li
                className="type--uppercase col-sm-12 col-md-12 h6"
              >
                <a
                  href="https://blog.useinfluence.co/"
                  onClick={[Function]}
                  style={Object {}}
                >
                   Blog 
                </a>
              </li>
              <li
                className="type--uppercase col-sm-12 col-md-12 h6"
              >
                <a
                  href="https://angel.co/influence-8/jobs"
                  onClick={[Function]}
                  style={Object {}}
                >
                   Careers 
                </a>
                 
              </li>
              <li
                className="type--uppercase col-sm-12 col-md-12 h6"
              >
                <a
                  onClick={[Function]}
                  style={Object {}}
                >
                   Contact Us 
                </a>
              </li>
            </ul>
          </div>
          <div
            className="menu-vertical col-md-3  col-sm-6 text-center foot4"
          >
            <ul>
              <a
                onClick={[Function]}
                style={Object {}}
              >
                 
                <img
                  alt="GDPR"
                  className="mr-3"
                  height="100px"
                  src="gdpr.png"
                  width="100px"
                />
              </a>
            </ul>
          </div>
        </div>
      </div>
      <p>
         
        <br />
      </p>
      <div
        className="footer__lower text-center-xs unpad--bottom"
      >
        <div
          className="container"
        >
          <div
            className="row"
          >
            <div
              className="col-sm-6"
            >
               
              <span
                className="type--fine-print"
              >
                © 
                <span
                  className="update-year"
                >
                  2018 Influence 
                </span>
                  All Rights Reserved
              </span>
            </div>
            <div
              className="col-sm-6 text-right text-center-xs"
            >
              <ul
                className="social-list list-inline"
              >
                <li>
                  <a
                    href="https://www.facebook.com/groups/215429202366620/"
                    onClick={[Function]}
                    style={Object {}}
                    target="_blank"
                  >
                    <i
                      className="socicon socicon-facebook bg--facebook icon icon--xs"
                    />
                  </a>
                </li>
              </ul>
            </div>
          </div>
        </div>
      </div>
    </footer>
  </div>
</div>
`;
