// Jest Snapshot v1, https://goo.gl/fbAQLP

exports[`>>> AffiliateRegister --- Snapshot +++capturing Snapshot of AffiliateRegister 1`] = `
<div
  className="main-container"
>
  <section>
    <div
      className="container"
    >
      <div
        className="row justify-content-around"
      >
        <h2
          class="align-center"
        >
          Become an Influence Affiliate
        </h2>
        <div
          className="col-md-6"
        >
          <form
            className="row"
          >
            <div
              className="mt-3 col-md-12"
            >
              <input
                className="ml-0 validate-required"
                id="name"
                name="name"
                onBlur={[Function]}
                onChange={[Function]}
                placeholder="First / Last Name"
                type="text"
              />
              <span
                className="help-block"
              >
                <p
                  className="website-error"
                >
                  
                </p>
              </span>
            </div>
            <div
              className="mt-3 col-md-12"
            >
              <input
                className="field w-input"
                id="email"
                name="email"
                onBlur={[Function]}
                onChange={[Function]}
                placeholder="Johndoe@example.com"
                type="email"
              />
              <span
                className="help-block"
              >
                <p
                  className="website-error"
                >
                  
                </p>
              </span>
            </div>
            <div
              className="mt-3 col-md-12"
            >
              <button
                className="button submit-button w-button btn btn--primary ml-0"
                disabled={true}
                id="affiliatesubmit"
                style={
                  Object {
                    "cursor": "pointer",
                  }
                }
                type="submit"
              >
                BECOME A AFFILIATE
              </button>
            </div>
          </form>
        </div>
      </div>
    </div>
  </section>
</div>
`;
