// Jest Snapshot v1, https://goo.gl/fbAQLP

exports[`>>>T E R M S --- Snapshot +++capturing Snapshot of terms 1`] = `
<div
  className="affiliateregister-container"
>
  <div
    className="main-container"
  >
    <section>
      <div
        className="container"
      >
        <div
          className="row justify-content-around"
        >
          <h2
            className="align-center"
          >
            Become an Influence Affiliate
          </h2>
          <div
            className="col-md-6"
          >
            <form
              className="row"
              data-name="Affiliate Form"
              method="POST"
              onSubmit={[Function]}
            >
              <div
                className="mt-3 col-md-12"
              >
                <input
                  className="ml-0 validate-required"
                  id="name"
                  name="name"
                  onChange={[Function]}
                  placeholder="First / Last Name"
                  type="text"
                />
                <span
                  className="help-block"
                >
                  <p
                    className="website-error"
                  >
                    
                  </p>
                </span>
              </div>
              <div
                className="mt-3 col-md-12"
              >
                <input
                  className="field w-input"
                  name="email"
                  onChange={[Function]}
                  placeholder="Johndoe@example.com"
                  type="email"
                />
                <span
                  className="help-block"
                >
                  <p
                    className="website-error"
                  >
                    
                  </p>
                </span>
              </div>
              <div
                className="mt-3 col-md-12"
              >
                <input
                  className="button submit-button w-button btn btn--primary ml-0"
                  disabled={true}
                  style={
                    Object {
                      "cursor": "pointer",
                    }
                  }
                  type="submit"
                  value="BECOME A AFFILIATE"
                />
              </div>
              <div />
            </form>
          </div>
        </div>
      </div>
    </section>
  </div>
</div>
`;
