// Jest Snapshot v1, https://goo.gl/fbAQLP

exports[`>>> AnalyticsContainer --- Snapshot +++capturing Snapshot of AnalyticsContainer 1`] = `
<div
  className="analytics-container"
>
  <div
    className="card-box"
  >
    <h4
      className="m-t-0 header-title"
    >
      <a
        onClick={[Function]}
        style={Object {}}
      >
        <i
          className="icon-arrow-left mr-3"
        />
      </a>
      Analytics
    </h4>
    <table
      className="table table-striped"
    >
      <thead>
        <tr>
          <th>
            #
          </th>
          <th
            className="text-center"
          >
            DOMAIN
          </th>
          <th
            className="text-center"
          >
            TOTAL VISITORS
          </th>
          <th
            className="text-center"
          >
            SIGNUPS
          </th>
          <th
            className="text-center"
          >
            LIVE STATS
          </th>
          <th
            className="text-center"
          >
            CONVERSION %
          </th>
          <th
            className="text-center"
          >
            Visualize
          </th>
        </tr>
      </thead>
      <tbody>
        <tr>
          <td>
            Nothing to display
          </td>
        </tr>
      </tbody>
    </table>
  </div>
</div>
`;
