// Jest Snapshot v1, https://goo.gl/fbAQLP

exports[`>>> BillingDetails --- Snapshot +++capturing Snapshot of BillingDetails 1`] = `
<div
  className="content fill billing-details ml-1"
>
  <div
    className="container-fluid"
  >
    <div
      className="inlineclr row"
    >
      <div
        className="col-md-12"
      >
        <div
          className="card-box pt-0"
        >
          <h4
            className="header-title"
          >
            <a
              onClick={[Function]}
              style={Object {}}
            >
              <i
                className="icon-arrow-left mr-3"
              />
            </a>
            Billing Details
          </h4>
          <hr
            className="short"
          />
          <div
            className="Billing-container"
          >
            <div
              className="row"
            >
              <div
                className="col-md-12  billing-buttons"
              >
                <button
                  className="btn btn-primary btn btn-default"
                  disabled={false}
                  icon="cloud-upload"
                  onClick={[Function]}
                  type="button"
                >
                  <span
                    className="glyphicon glyphicon-cloud-upload"
                  />
                  Upgrade Plan
                </button>
                <button
                  className="btn btn-primary btn btn-default"
                  disabled={false}
                  icon="usd"
                  onClick={[Function]}
                  type="button"
                >
                  <span
                    className="glyphicon glyphicon-usd"
                  />
                  Payment Method
                </button>
              </div>
              <div
                className="clearfix"
              />
            </div>
            <div
              className="billing-info-list"
            >
              <div
                className="payment-info row"
              >
                <div
                  className="col-md-6"
                >
                  <div
                    className="panel panel-default"
                  >
                    <div
                      className="card-box"
                    >
                      <h4
                        className="header-title mt-0 m-b-20"
                      >
                        Plan details
                      </h4>
                      <div
                        className="panel-body"
                      >
                        <hr />
                        <div
                          className="text-left"
                        >
                          <div
                            className="text-muted font-13"
                          >
                            <strong>
                              Current Plan : 
                            </strong>
                            <span
                              className="m-l-15"
                            >
                              <div
                                className="form-group"
                              >
                                <input
                                  className="form-control mt-4"
                                  disabled={true}
                                  id="campaignname"
                                  type="text"
                                  value=""
                                />
                              </div>
                            </span>
                          </div>
                        </div>
                      </div>
                    </div>
                  </div>
                </div>
                <div
                  className="col-md-6"
                >
                  <div
                    className="panel panel-default"
                  >
                    <div
                      className="card-box"
                    >
                      <h4
                        className="header-title mt-0 m-b-20"
                      >
                        Payment Info 
                      </h4>
                      <div
                        className="panel-body"
                      >
                        <hr />
                        <div
                          className="text-left"
                        >
                          <p
                            className="text-muted font-13"
                          >
                            <strong>
                              Next Payment Due Date : 
                            </strong>
                            <span
                              className="m-l-15"
                            >
                              -
                            </span>
                          </p>
                          <p
                            className="text-muted font-13"
                          >
                            <strong>
                              Payment Method : 
                            </strong>
                            <span
                              className="m-l-15"
                            >
                              -
                            </span>
                          </p>
                          <p
                            className="text-muted font-13"
                          >
                            <strong>
                              Last Paid : 
                            </strong>
                            <span
                              className="m-l-15"
                            >
                              -
                            </span>
                          </p>
                          <p
                            className="text-muted font-13"
                          >
                            <strong>
                              Billing Cycle : 
                            </strong>
                            <span
                              className="m-l-15"
                            >
                              -
                            </span>
                          </p>
                          <p
                            className="text-muted font-13"
                          >
                            <strong>
                              Visitor Quota : 
                            </strong>
                            <span
                              className="m-l-15"
                            >
                              -
                               Unique Visitors
                            </span>
                          </p>
                          <p
                            className="text-muted font-13"
                          >
                            <strong>
                              Visitor Quota Left : 
                            </strong>
                            <span
                              className="m-l-15"
                            >
                              -
                               Unique Visitors
                            </span>
                          </p>
                        </div>
                      </div>
                    </div>
                  </div>
                </div>
              </div>
              <div
                className="panel panel-default"
              >
                <div
                  className="card-box"
                >
                  <h4
                    className="header-title mt-0 m-b-20"
                  >
                    Invoices 
                  </h4>
                  <div
                    className="col-md-12"
                  >
                    <div
                      className="text-left"
                    >
                      <table
                        className="table-striped table"
                      >
                        <thead>
                          <tr>
                            <th
                              className=" h6"
                            >
                              Billing Date
                            </th>
                            <th
                              className=" h6"
                            >
                              Amount
                            </th>
                            <th
                              className=" h6"
                            >
                              Transaction Id
                            </th>
                            <th
                              className=" h6"
                            >
                              Interval
                            </th>
                            <th
                              className=" h6"
                            >
                              Download Invoice
                            </th>
                          </tr>
                        </thead>
                        <tbody>
                          <tr>
                            nothing
                          </tr>
                        </tbody>
                      </table>
                    </div>
                  </div>
                </div>
              </div>
            </div>
          </div>
        </div>
      </div>
    </div>
  </div>
</div>
`;
