// Jest Snapshot v1, https://goo.gl/fbAQLP

exports[`>>> DisplayPage --- Snapshot +++capturing Snapshot of DisplayPage 1`] = `
<div>
  <div
    className="container-fluid"
  >
    <div
      className="tabscontent"
    >
      <div
        className="row"
      >
        <div
          className="col-md-12"
        >
          <h4
            className="lead text-center m-b-30 m-t-20"
          >
            Where do you want to show notifications?
          </h4>
        </div>
      </div>
      <div
        className="row"
      >
        <div
          className="col-md-1"
        />
        <div
          className="col-md-11"
        >
          <div
            className="ml-5 pl-4 input-group col-md-8"
          >
            <label
              className="pt-2 pl-1 pr-3 text-muted"
            >
              http://localhost:3000
              /
            </label>
            <input
              aria-describedby="urladd"
              className="form-control txtpageurl"
              onBlur={[Function]}
              onChange={[Function]}
              onKeyUp={[Function]}
              placeholder="eg. /mypage, /register, /products"
              type="text"
              value=""
            />
            <span
              className="input-group-btn col-md-2"
              id="urladd"
            >
              <span
                className="btn btn-custom nav nav-pills waves-light waves-effect addpath-btn pl-5 pr-5"
                onClick={[Function]}
              >
                Add
              </span>
            </span>
          </div>
        </div>
      </div>
      <div
        className="pt-2 path-error row"
      >
        <span
          className="help-block"
        >
          <p
            className="website-error"
          >
            
          </p>
        </span>
      </div>
      <div
        className="row"
      >
        <div
          className="col-md-12"
        >
          <div
            className="status"
          >
            <ul>
              <li>
                <span
                  className="dot success"
                />
                <span
                  className="status-name"
                >
                  Active
                </span>
              </li>
              <li>
                <span
                  className="dot primary"
                />
                <span
                  className="status-name"
                >
                  Last seen over 24 hrs ago
                </span>
              </li>
              <li>
                <span
                  className="dot unverified"
                />
                <span
                  className="status-name"
                >
                  Has Never Been Tracked
                </span>
              </li>
              <li>
                <span
                  className="dot danger"
                />
                <span
                  className="status-name"
                >
                  Invalid URL
                </span>
              </li>
            </ul>
          </div>
        </div>
      </div>
      <div
        className="row"
      >
        <div
          className="col-md-12"
        >
          <div
            className="card card-plain"
          >
            <div
              className="content"
            >
              <div
                style={
                  Object {
                    "height": 300,
                    "overflow": "hidden",
                    "position": "relative",
                    "width": "100%",
                  }
                }
              >
                <div
                  style={
                    Object {
                      "WebkitOverflowScrolling": "touch",
                      "bottom": 0,
                      "left": 0,
                      "marginBottom": 0,
                      "marginRight": 0,
                      "overflow": "scroll",
                      "position": "absolute",
                      "right": 0,
                      "top": 0,
                    }
                  }
                >
                  <div
                    className="centertbl"
                  >
                    <table
                      className="table"
                    >
                      <thead>
                        <tr>
                          <th>
                            PATH
                          </th>
                          <th>
                            STATUS
                          </th>
                          <th>
                            TRASH
                          </th>
                        </tr>
                      </thead>
                      <tbody />
                    </table>
                  </div>
                </div>
                <div
                  style={
                    Object {
                      "borderRadius": 3,
                      "bottom": 2,
                      "display": "none",
                      "height": 6,
                      "left": 2,
                      "position": "absolute",
                      "right": 2,
                    }
                  }
                >
                  <div
                    style={
                      Object {
                        "backgroundColor": "rgba(0,0,0,.2)",
                        "borderRadius": "inherit",
                        "cursor": "pointer",
                        "display": "block",
                        "height": "100%",
                        "position": "relative",
                      }
                    }
                  />
                </div>
                <div
                  style={
                    Object {
                      "borderRadius": 3,
                      "bottom": 2,
                      "display": "none",
                      "position": "absolute",
                      "right": 2,
                      "top": 2,
                      "width": 6,
                    }
                  }
                >
                  <div
                    style={
                      Object {
                        "backgroundColor": "rgba(0,0,0,.2)",
                        "borderRadius": "inherit",
                        "cursor": "pointer",
                        "display": "block",
                        "position": "relative",
                        "width": "100%",
                      }
                    }
                  />
                </div>
              </div>
            </div>
          </div>
        </div>
      </div>
      <div
        className="float-left"
      >
        <button
          className="btn btn-primary waves-effect number displaybtn-back"
          onClick={[Function]}
          type="button"
        >
          <i
            className="icon-arrow-left pr-2"
          />
          Back
        </button>
      </div>
      <div
        className="float-right"
      >
        <button
          className="btn btn-primary  waves-effect number pl-4 pr-3 displaybtn-finish"
          onClick={[Function]}
          type="button"
        >
          Next
          <i
            className="icon-arrow-right pl-2"
          />
           
        </button>
      </div>
      <div
        className="clearfix"
      />
    </div>
  </div>
</div>
`;
