// Jest Snapshot v1, https://goo.gl/fbAQLP

exports[`>>> ForgetPassword --- Snapshot +++capturing Snapshot of ForgetPassword 1`] = `
<div>
  <div
    className="authpage section innerpage"
  >
    <div
      className="container"
    >
      <div
        className="wrapper"
      >
        <div
          className="animated fadeIn center"
          style={
            Object {
              "animationDelay": "0ms",
              "pointerEvents": "all",
            }
          }
        >
          <form
            className="loginfrm"
            data-name="Login Form"
            method="POST"
            onSubmit={[Function]}
          >
            <h3
              className="dashed pb-5 pt-5 h2 text-left"
            >
              Forgot your password
            </h3>
            <div
              className="section-divider-line"
            />
            <div
              className="row"
            >
              <div
                className="frmcntl pb-2 col-md-7"
              >
                <h3
                  className="pb-3"
                >
                  Enter your email address below and we'll send you a link to reset your password.
                </h3>
                <div
                  className=" col-md-12 frmcntl pb-4"
                >
                  <input
                    className="field w-input"
                    id="email"
                    name="email"
                    onBlur={[Function]}
                    onChange={[Function]}
                    placeholder="Email Address"
                    type="email"
                    value=""
                  />
                  <span
                    className="help-block"
                  >
                    <p
                      className="website-error"
                    >
                      
                    </p>
                  </span>
                </div>
                <div
                  className="col-md-5 frmcntl pb-4"
                >
                  <input
                    className="btn btn-primary "
                    type="submit"
                    value="Send reset password email"
                  />
                </div>
              </div>
            </div>
          </form>
          <div
            className="row pt-5"
          >
            <div
              className="support col-md-7"
            >
              <div
                className="col-md-12"
              >
                <h4>
                  Trouble logging in?
                </h4>
                <a
                  href="#"
                >
                  Contact Support
                </a>
              </div>
            </div>
          </div>
        </div>
      </div>
    </div>
  </div>
</div>
`;
