// Jest Snapshot v1, https://goo.gl/fbAQLP

exports[`>>> ForgetPassword --- Snapshot +++capturing Snapshot of ForgetPassword 1`] = `
<div
  className="forgetpassword-container"
>
  <div
    className="authpage section innerpage"
  >
    <div
      className="container"
    >
      <div
        className="wrapper"
      >
        <div
          className="animated fadeIn center"
          style={
            Object {
              "animationDelay": "0ms",
              "pointerEvents": "all",
            }
          }
        >
          <form
            className="loginfrm"
            data-name="Login Form"
            method="POST"
            onSubmit={[Function]}
          >
            <h3
              className="dashed pt-5 h2 text-center"
            >
              Forgot your password
            </h3>
            <div
              className="section-divider-line"
            />
            <div
              className="row justify-content-center"
            >
              <div
                className="frmcntl pb-2 col-md-5"
              >
                <div>
                  <h3
                    className="pb-3 lead"
                  >
                    Enter your email address below and well send you a link to reset your password.
                  </h3>
                  <div
                    className="frmcntl pb-4"
                  >
                    <input
                      className="field w-input"
                      id="email"
                      name="email"
                      onBlur={[Function]}
                      onChange={[Function]}
                      placeholder="Email Address"
                      type="email"
                      value=""
                    />
                    <span
                      className="help-block"
                    >
                      <p
                        className="website-error"
                      >
                        
                      </p>
                    </span>
                  </div>
                </div>
                <div
                  className="frmcntl pb-4"
                >
                  <input
                    className="btn btn-primary "
                    onClick=""
                    type="submit"
                    value="Send reset password email"
                  />
                </div>
              </div>
            </div>
          </form>
          <span
            className="row pt-5 support "
          >
            <span
              className="h5 lead"
            >
              Trouble logging in? 
              <a
                onClick={[Function]}
                style={Object {}}
              >
                Contact Support
              </a>
            </span>
          </span>
        </div>
      </div>
    </div>
  </div>
</div>
`;
