// Jest Snapshot v1, https://goo.gl/fbAQLP

exports[`>>> NewCampaignContainer --- Snapshot +++capturing Snapshot of NewCampaignContainer 1`] = `
<div
  className="NewCampaignContainer"
>
  <button
    className="btn btn-outline-primary goliveRight waves-light waves-effect number"
    data-target="#myModallive"
    data-toggle="modal"
    onClick={[Function]}
    type="button"
  >
    <i
      className="fi-location"
    />
     Go Live
  </button>
  <div
    className="content fill campaign-container"
  >
    <div
      className="container"
    >
      <div
        className="row"
      >
        <div
          className="col-md-12"
        >
          <div
            className="card-box"
          >
            <h4
              className="header-title"
            >
              Create Your Campaign
            </h4>
            <hr />
            <form
              onSubmit={[Function]}
            >
              <div
                className="row"
              >
                <div
                  className="col-md-6"
                >
                  <div
                    className="form-group"
                  >
                    <label
                      className="text-muted h6 control-label"
                    >
                      Name
                    </label>
                    <input
                      id="campaignname"
                      name="campaignname"
                      onChange={[Function]}
                      placeholder="example: Acme Co, Blog, Online Store"
                      required={true}
                      type="text"
                      value="Influence"
                    />
                    <span
                      className="help-block"
                    >
                      <p
                        className="website-error"
                      >
                        
                      </p>
                    </span>
                  </div>
                </div>
                <div
                  className="col-md-6"
                >
                  <div
                    className="form-group"
                  >
                    <label
                      className="text-muted h6 control-label"
                    >
                      Website URL
                    </label>
                    <input
                      defaultValue=""
                      id="website"
                      name="website"
                      onChange={[Function]}
                      placeholder="http://"
                      required={true}
                      type="text"
                    />
                    <span
                      className="help-block"
                    >
                      <p
                        className="website-error"
                      >
                        
                      </p>
                    </span>
                  </div>
                </div>
              </div>
              <div
                className="row"
              >
                <div
                  className="col-md-6"
                >
                  <div
                    className="form-group"
                  >
                    <label
                      className="text-muted h6 control-label"
                    >
                      Conversions per day
                    </label>
                      
                    <i
                      className="fa fa-info-circle"
                      data-delay="{\\"show\\":\\"0\\", \\"hide\\":\\"100\\"}"
                      data-toggle="tooltip"
                      height="50px"
                      title="Fill in for better monitoring"
                      width="50px"
                    >
                       
                    </i>
                    <input
                      id="averageCustomer"
                      name="averageCustomer"
                      onChange={[Function]}
                      placeholder="Number of customer Signups"
                      required={true}
                      type="number"
                      value=""
                    />
                    <span
                      className="help-block"
                    >
                      <p
                        className="website-error"
                      >
                        
                      </p>
                    </span>
                  </div>
                </div>
              </div>
              <button
                className="btn btn-primary waves-light waves-effect newcamp-btn ml-2 pl-4 pr-4"
                type="submit"
              >
                 Create Your Campaign 
              </button>
              <div
                className="clearfix"
              />
            </form>
          </div>
        </div>
      </div>
    </div>
  </div>
  <div
    className="modal fade show-modal"
    id="myModallive"
    role="dialog"
  >
    <div
      className="modal-dialog"
    >
      <div
        className="modal-content align-modal"
      >
        <div
          className="modal-header"
        >
          <h4
            className="modal-title"
          >
            
          </h4>
        </div>
        <div
          className="modal-body"
        >
          
        </div>
        <div
          className="modal-footer"
        >
          <button
            className="btn btn-primary close-btn"
            data-dismiss="modal"
            onClick={[Function]}
            type="button"
          >
            
          </button>
        </div>
      </div>
    </div>
  </div>
</div>
`;
