// Jest Snapshot v1, https://goo.gl/fbAQLP

exports[`>>>T E R M S --- Snapshot +++capturing Snapshot of terms 1`] = `
<div
  className="card card-stats"
>
  <div
    className="content"
  >
    <div
      className="row"
    >
      <div
        className="col-xs-5"
      >
        <div
          className="icon-big text-center icon-warning"
        />
      </div>
      <div
        className="col-xs-7"
      >
        <div
          className="numbers"
        >
          <p />
        </div>
      </div>
    </div>
    <div
      className="footer"
    >
      <hr />
      <div
        className="stats"
      >
         
      </div>
    </div>
  </div>
</div>
`;
