// Jest Snapshot v1, https://goo.gl/fbAQLP

exports[`>>>C O N T A C T   --- Snapshot +++capturing Snapshot of website contact 1`] = `
<div
  className="websitecontact-container"
>
  <div
    className="main-container"
  >
    <section
      className="cover text-center bg--secondary"
    >
      <div
        className="container"
      >
        <div
          className="row"
        >
          <div
            className="col-md-12"
          >
            <h2>
              Contact us
            </h2>
            <div
              className="h3 typed-text typed-text--cursor color--primary"
            >
               We sit round the clock 
              <span
                className="makeitbold"
              >
                 just for you
              </span>
               
            </div>
          </div>
        </div>
      </div>
    </section>
    <section
      className="switchable contact-content"
    >
      <div
        className="container"
      >
        <div
          className="row justify-content-between"
        >
          <div
            className="col-md-6"
          >
            <p
              className="lead"
            >
              E: 
              <a
                href="#"
              >
                info@useinfluence.co
              </a>
              <br />
            </p>
            <p
              className="lead"
            >
              Drop a mail anytime, we endeavour to answer all enquiries within 24 hours.
            </p>
            <p
              className="lead"
            />
          </div>
          <div
            className="col-md-6"
          >
            <form
              className="form-email row"
              data-name="Contactus Form"
            >
              <div
                className="col-md-12"
              >
                <input
                  className="validate-required"
                  name="name"
                  onBlur={[Function]}
                  onChange={[Function]}
                  placeholder="Name"
                  type="text"
                  value=""
                />
                <span
                  className="help-block"
                >
                  <p
                    className="website-error"
                  >
                    
                  </p>
                </span>
              </div>
              <div
                className="col-md-12"
              >
                <input
                  className="validate-required validate-email"
                  name="email"
                  onChange={[Function]}
                  placeholder="Email Address"
                  type="email"
                  value=""
                />
                <span
                  className="help-block"
                >
                  <p
                    className="website-error"
                  >
                    
                  </p>
                </span>
              </div>
              <div
                className="col-md-12"
              >
                <textarea
                  className="validate-required"
                  name="message"
                  onBlur={[Function]}
                  onChange={[Function]}
                  placeholder="Leave us a message"
                  rows="4"
                  value=""
                >
                  <span
                    className="help-block"
                  >
                    <p
                      className="website-error"
                    >
                      
                    </p>
                  </span>
                </textarea>
              </div>
              <button
                className="btn btn--primary type--uppercase send-btn"
                disabled={true}
                onClick={[Function]}
                type="submit"
              >
                Send Enquiry
              </button>
              <div />
            </form>
          </div>
        </div>
      </div>
    </section>
  </div>
</div>
`;
